[dotenv@17.2.3] injecting env (0) from .env -- tip: ÔÜÖ´©Å  override existing env vars with { override: true }
node : CRITICAL: 
DATABASE_URL is NOT 
set.
No linha:1 
caractere:1
+ node 
scripts/test-db.js 
> test_output.txt 
2>&1
+ ~~~~~~~~~~~~~~~~~~
~~~~~~~~~~~~~~~~~~~~
~~~~~~~~
    + CategoryInfo  
            : NotS  
  pecified: (CRIT   
 ICAL: DATABASE_    
URL is NOT set.    
:String) [], Re    
moteException
    + FullyQualifie 
   dErrorId : Nati  
  veCommandError
 
Testing database connection...
Error executing 
query {
  text: 'SELECT 
NOW() as now, 
version() as 
version',
  error: 'The 
server does not 
support SSL 
connections',
  stack: 'Error: 
The server does not 
support SSL 
connections\n' +
    '    at C:\\User
s\\Financeiro\\Docum
ents\\VISTORIA CAUTE
LAR\\node_modules\\p
g-pool\\index.js:45:
11\n' +
    '    at process.
processTicksAndRejec
tions (node:internal
/process/task_queues
:105:5)\n' +
    '    at async 
query (file:///C:/Us
ers/Financeiro/Docum
ents/VISTORIA%20CAUT
ELAR/api/db.js:35:17
)\n' +
    '    at async 
testConnection (file
:///C:/Users/Finance
iro/Documents/VISTOR
IA%20CAUTELAR/script
s/test-db.js:6:24)'
}
ÔØî Connection 
Failed!
Error: The server 
does not support 
SSL connections
    at C:\Users\Fina
nceiro\Documents\VIS
TORIA CAUTELAR\node_
modules\pg-pool\inde
x.js:45:11
    at process.proce
ssTicksAndRejections
 (node:internal/proc
ess/task_queues:105:
5)
    at async query (
file:///C:/Users/Fin
anceiro/Documents/VI
STORIA%20CAUTELAR/ap
i/db.js:35:17)
    at async 
testConnection (file
:///C:/Users/Finance
iro/Documents/VISTOR
IA%20CAUTELAR/script
s/test-db.js:6:24)
